[bluelaned.blogspot.com/index.html]
[backblue.gif]
[fade.gif]
[index.html]
[bluelaned.blogspot.com/favicon.ico]
[bluelaned.blogspot.com/feeds/posts/default]
[bluelaned.blogspot.com/feeds/posts/default9522]
[4.bp.blogspot.com/-O3EpVMWcoKw/WxY6-6I4--I/AAAAAAAAB2s/KzC0FqUQtkMdw7VzT6oOR_8vbZO6EJc-ACK4BGAYYCw/s1600/nth.png]
[stackpath.bootstrapcdn.com/font-awesome/4.7.0/css/font-awesome.min.css]
[4.bp.blogspot.com/-AAmY8A2T2AY/W1QEyh-HvPI/AAAAAAAACes/BBtmUeC1MUY5NOW9PvZLGeNzNg75OAXEACK4BGAYYCw/s1600/pexels-photo-762528.jpeg]
[1.bp.blogspot.com/-HD08cshV4J0/W3p0glgG3bI/AAAAAAAAAWg/g8veRtomnmEAJ6MzGTwQNF6-dqAamgVogCK4BGAYYCw/s1600/Fix.jpg]
[ajax.googleapis.com/ajax/libs/jquery/1.12.4/jquery.min.js]
[img1.blogblog.com/img/blank.gif]
[4.bp.blogspot.com/-uCjYgVFIh70/VuOLn-mL7PI/AAAAAAAADUs/Kcu9wJbv790hIo83rI_s7lLW3zkLY01EA/s55-r/avatar.png]
[connect.facebook.net/en_US/sdk.js]
[bluelaned.blogspot.com/s35-c/index.html]
[bluelaned.blogspot.com/s45-c/index.html]
[www.blogger.com/static/v1/widgets/4190539912-widgets.js]
[bluelaned.blogspot.com/index.html]
[stackpath.bootstrapcdn.com/font-awesome/4.7.0/css/font-awesome.min.css]
[bluelaned.blogspot.com/s35-c/index.html]
[bluelaned.blogspot.com/s45-c/index.html]
[connect.facebook.net/en_US/sdk.js]
